Release 14.5 - xst P.58f (nt64)
Copyright (c) 1995-2012 Xilinx, Inc.  All rights reserved.
--> Parameter TMPDIR set to xst/projnav.tmp


Total REAL time to Xst completion: 0.00 secs
Total CPU time to Xst completion: 0.08 secs
 
--> Parameter xsthdpdir set to xst


Total REAL time to Xst completion: 0.00 secs
Total CPU time to Xst completion: 0.08 secs
 
--> Reading design: ID.prj

TABLE OF CONTENTS
  1) Synthesis Options Summary
  2) HDL Parsing
  3) HDL Elaboration
  4) HDL Synthesis
       4.1) HDL Synthesis Report
  5) Advanced HDL Synthesis
       5.1) Advanced HDL Synthesis Report
  6) Low Level Synthesis
  7) Partition Report
  8) Design Summary
       8.1) Primitive and Black Box Usage
       8.2) Device utilization summary
       8.3) Partition Resource Summary
       8.4) Timing Report
            8.4.1) Clock Information
            8.4.2) Asynchronous Control Signals Information
            8.4.3) Timing Summary
            8.4.4) Timing Details
            8.4.5) Cross Clock Domains Report


=========================================================================
*                      Synthesis Options Summary                        *
=========================================================================
---- Source Parameters
Input File Name                    : "ID.prj"
Ignore Synthesis Constraint File   : NO

---- Target Parameters
Output File Name                   : "ID"
Output Format                      : NGC
Target Device                      : xc6slx9-3-csg324

---- Source Options
Top Module Name                    : ID
Automatic FSM Extraction           : YES
FSM Encoding Algorithm             : Auto
Safe Implementation                : No
FSM Style                          : LUT
RAM Extraction                     : Yes
RAM Style                          : Auto
ROM Extraction                     : Yes
Shift Register Extraction          : YES
ROM Style                          : Auto
Resource Sharing                   : YES
Asynchronous To Synchronous        : NO
Shift Register Minimum Size        : 2
Use DSP Block                      : Auto
Automatic Register Balancing       : No

---- Target Options
LUT Combining                      : Auto
Reduce Control Sets                : Auto
Add IO Buffers                     : YES
Global Maximum Fanout              : 100000
Add Generic Clock Buffer(BUFG)     : 16
Register Duplication               : YES
Optimize Instantiated Primitives   : NO
Use Clock Enable                   : Auto
Use Synchronous Set                : Auto
Use Synchronous Reset              : Auto
Pack IO Registers into IOBs        : Auto
Equivalent register Removal        : YES

---- General Options
Optimization Goal                  : Speed
Optimization Effort                : 1
Power Reduction                    : NO
Keep Hierarchy                     : No
Netlist Hierarchy                  : As_Optimized
RTL Output                         : Yes
Global Optimization                : AllClockNets
Read Cores                         : YES
Write Timing Constraints           : NO
Cross Clock Analysis               : NO
Hierarchy Separator                : /
Bus Delimiter                      : <>
Case Specifier                     : Maintain
Slice Utilization Ratio            : 100
BRAM Utilization Ratio             : 100
DSP48 Utilization Ratio            : 100
Auto BRAM Packing                  : NO
Slice Utilization Ratio Delta      : 5

=========================================================================


=========================================================================
*                          HDL Parsing                                  *
=========================================================================
Analyzing Verilog file "F:\New Processor\Register_File\Reg_file.v" into library work
Parsing module <Reg_file>.
Analyzing Verilog file "F:\New Processor\MUX2_1\MUX2.v" into library work
Parsing module <MUX2>.
Analyzing Verilog file "F:\New Processor\Stage\ID\ID.v" into library work
Parsing module <ID>.

=========================================================================
*                            HDL Elaboration                            *
=========================================================================

Elaborating module <ID>.

Elaborating module <Reg_file>.

Elaborating module <MUX2>.

=========================================================================
*                           HDL Synthesis                               *
=========================================================================

Synthesizing Unit <ID>.
    Related source file is "F:\New Processor\Stage\ID\ID.v".
    Summary:
	no macro.
Unit <ID> synthesized.

Synthesizing Unit <Reg_file>.
    Related source file is "F:\New Processor\Register_File\Reg_file.v".
    Found 32-bit register for signal <n0018[31:0]>.
    Found 8-bit 4-to-1 multiplexer for signal <op1> created at line 53.
    Found 8-bit 4-to-1 multiplexer for signal <op2> created at line 55.
    Summary:
	inferred  32 D-type flip-flop(s).
	inferred   6 Multiplexer(s).
Unit <Reg_file> synthesized.

Synthesizing Unit <MUX2>.
    Related source file is "F:\New Processor\MUX2_1\MUX2.v".
    Summary:
	inferred   1 Multiplexer(s).
Unit <MUX2> synthesized.

=========================================================================
HDL Synthesis Report

Macro Statistics
# Registers                                            : 1
 32-bit register                                       : 1
# Multiplexers                                         : 7
 8-bit 2-to-1 multiplexer                              : 5
 8-bit 4-to-1 multiplexer                              : 2

=========================================================================

=========================================================================
*                       Advanced HDL Synthesis                          *
=========================================================================


=========================================================================
Advanced HDL Synthesis Report

Macro Statistics
# Registers                                            : 32
 Flip-Flops                                            : 32
# Multiplexers                                         : 7
 8-bit 2-to-1 multiplexer                              : 5
 8-bit 4-to-1 multiplexer                              : 2

=========================================================================

=========================================================================
*                         Low Level Synthesis                           *
=========================================================================

Optimizing unit <ID> ...

Optimizing unit <Reg_file> ...

Mapping all equations...
Building and optimizing final netlist ...
Found area constraint ratio of 100 (+ 5) on block ID, actual ratio is 1.

Final Macro Processing ...

=========================================================================
Final Register Report

Macro Statistics
# Registers                                            : 32
 Flip-Flops                                            : 32

=========================================================================

=========================================================================
*                           Partition Report                            *
=========================================================================

Partition Implementation Status
-------------------------------

  No Partitions were found in this design.

-------------------------------

=========================================================================
*                            Design Summary                             *
=========================================================================

Top Level Output File Name         : ID.ngc

Primitive and Black Box Usage:
------------------------------
# BELS                             : 48
#      LUT6                        : 48
# FlipFlops/Latches                : 32
#      FDRE                        : 32
# Clock Buffers                    : 1
#      BUFGP                       : 1
# IO Buffers                       : 39
#      IBUF                        : 23
#      OBUF                        : 16

Device utilization summary:
---------------------------

Selected Device : 6slx9csg324-3 


Slice Logic Utilization: 
 Number of Slice Registers:              32  out of  11440     0%  
 Number of Slice LUTs:                   48  out of   5720     0%  
    Number used as Logic:                48  out of   5720     0%  

Slice Logic Distribution: 
 Number of LUT Flip Flop pairs used:     48
   Number with an unused Flip Flop:      16  out of     48    33%  
   Number with an unused LUT:             0  out of     48     0%  
   Number of fully used LUT-FF pairs:    32  out of     48    66%  
   Number of unique control sets:         1

IO Utilization: 
 Number of IOs:                          40
 Number of bonded IOBs:                  40  out of    200    20%  

Specific Feature Utilization:
 Number of BUFG/BUFGCTRL/BUFHCEs:         1  out of     16     6%  

---------------------------
Partition Resource Summary:
---------------------------

  No Partitions were found in this design.

---------------------------


=========================================================================
Timing Report

NOTE: THESE TIMING NUMBERS ARE ONLY A SYNTHESIS ESTIMATE.
      FOR ACCURATE TIMING INFORMATION PLEASE REFER TO THE TRACE REPORT
      GENERATED AFTER PLACE-and-ROUTE.

Clock Information:
------------------
-----------------------------------+------------------------+-------+
Clock Signal                       | Clock buffer(FF name)  | Load  |
-----------------------------------+------------------------+-------+
clk                                | BUFGP                  | 32    |
-----------------------------------+------------------------+-------+

Asynchronous Control Signals Information:
----------------------------------------
No asynchronous control signals found in this design

Timing Summary:
---------------
Speed Grade: -3

   Minimum period: 1.405ns (Maximum Frequency: 711.617MHz)
   Minimum input arrival time before clock: 3.163ns
   Maximum output required time after clock: 4.795ns
   Maximum combinational path delay: 6.345ns

Timing Details:
---------------
All values displayed in nanoseconds (ns)

=========================================================================
Timing constraint: Default period analysis for Clock 'clk'
  Clock period: 1.405ns (frequency: 711.617MHz)
  Total number of paths / destination ports: 32 / 32
-------------------------------------------------------------------------
Delay:               1.405ns (Levels of Logic = 1)
  Source:            reg_fileX/reg_arr_0_31 (FF)
  Destination:       reg_fileX/reg_arr_0_31 (FF)
  Source Clock:      clk rising
  Destination Clock: clk rising

  Data Path: reg_fileX/reg_arr_0_31 to reg_fileX/reg_arr_0_31
                                Gate     Net
    Cell:in->out      fanout   Delay   Delay  Logical Name (Net Name)
    ----------------------------------------  ------------
     FDRE:C->Q             3   0.447   0.651  reg_fileX/reg_arr_0_31 (reg_fileX/reg_arr_0_31)
     LUT6:I5->O            1   0.205   0.000  reg_fileX/Mmux_reg_arr[3][7]_ip[7]_mux_4_OUT81 (reg_fileX/reg_arr[3][7]_ip[7]_mux_4_OUT<7>)
     FDRE:D                    0.102          reg_fileX/reg_arr_0_31
    ----------------------------------------
    Total                      1.405ns (0.754ns logic, 0.651ns route)
                                       (53.7% logic, 46.3% route)

=========================================================================
Timing constraint: Default OFFSET IN BEFORE for Clock 'clk'
  Total number of paths / destination ports: 224 / 96
-------------------------------------------------------------------------
Offset:              3.163ns (Levels of Logic = 2)
  Source:            regaddrc<3> (PAD)
  Destination:       reg_fileX/reg_arr_0_31 (FF)
  Destination Clock: clk rising

  Data Path: regaddrc<3> to reg_fileX/reg_arr_0_31
                                Gate     Net
    Cell:in->out      fanout   Delay   Delay  Logical Name (Net Name)
    ----------------------------------------  ------------
     IBUF:I->O            40   1.222   1.634  regaddrc_3_IBUF (regaddrc_3_IBUF)
     LUT6:I3->O            1   0.205   0.000  reg_fileX/Mmux_reg_arr[3][7]_ip[7]_mux_4_OUT11 (reg_fileX/reg_arr[3][7]_ip[7]_mux_4_OUT<0>)
     FDRE:D                    0.102          reg_fileX/reg_arr_0_24
    ----------------------------------------
    Total                      3.163ns (1.529ns logic, 1.634ns route)
                                       (48.3% logic, 51.7% route)

=========================================================================
Timing constraint: Default OFFSET OUT AFTER for Clock 'clk'
  Total number of paths / destination ports: 64 / 16
-------------------------------------------------------------------------
Offset:              4.795ns (Levels of Logic = 2)
  Source:            reg_fileX/reg_arr_0_31 (FF)
  Destination:       ORa<7> (PAD)
  Source Clock:      clk rising

  Data Path: reg_fileX/reg_arr_0_31 to ORa<7>
                                Gate     Net
    Cell:in->out      fanout   Delay   Delay  Logical Name (Net Name)
    ----------------------------------------  ------------
     FDRE:C->Q             3   0.447   0.995  reg_fileX/reg_arr_0_31 (reg_fileX/reg_arr_0_31)
     LUT6:I1->O            1   0.203   0.579  reg_fileX/Mmux_op281 (ORb_7_OBUF)
     OBUF:I->O                 2.571          ORb_7_OBUF (ORb<7>)
    ----------------------------------------
    Total                      4.795ns (3.221ns logic, 1.574ns route)
                                       (67.2% logic, 32.8% route)

=========================================================================
Timing constraint: Default path analysis
  Total number of paths / destination ports: 32 / 16
-------------------------------------------------------------------------
Delay:               6.345ns (Levels of Logic = 3)
  Source:            regaddrc<2> (PAD)
  Destination:       ORa<7> (PAD)

  Data Path: regaddrc<2> to ORa<7>
                                Gate     Net
    Cell:in->out      fanout   Delay   Delay  Logical Name (Net Name)
    ----------------------------------------  ------------
     IBUF:I->O            40   1.222   1.770  regaddrc_2_IBUF (regaddrc_2_IBUF)
     LUT6:I0->O            1   0.203   0.579  reg_fileX/Mmux_op181 (ORa_7_OBUF)
     OBUF:I->O                 2.571          ORa_7_OBUF (ORa<7>)
    ----------------------------------------
    Total                      6.345ns (3.996ns logic, 2.349ns route)
                                       (63.0% logic, 37.0% route)

=========================================================================

Cross Clock Domains Report:
--------------------------

Clock to Setup on destination clock clk
---------------+---------+---------+---------+---------+
               | Src:Rise| Src:Fall| Src:Rise| Src:Fall|
Source Clock   |Dest:Rise|Dest:Rise|Dest:Fall|Dest:Fall|
---------------+---------+---------+---------+---------+
clk            |    1.405|         |         |         |
---------------+---------+---------+---------+---------+

=========================================================================


Total REAL time to Xst completion: 6.00 secs
Total CPU time to Xst completion: 5.58 secs
 
--> 

Total memory usage is 257904 kilobytes

Number of errors   :    0 (   0 filtered)
Number of warnings :    0 (   0 filtered)
Number of infos    :    0 (   0 filtered)

