--------------------------------------------------------------------------------
Release 14.5 Trace  (nt64)
Copyright (c) 1995-2012 Xilinx, Inc.  All rights reserved.

C:\Xilinx\14.5\ISE_DS\ISE\bin\nt64\unwrapped\trce.exe -intstyle ise -v 3 -s 3
-n 3 -fastpaths -xml ProgramCounter.twx ProgramCounter.ncd -o
ProgramCounter.twr ProgramCounter.pcf -ucf prog_counter.ucf

Design file:              ProgramCounter.ncd
Physical constraint file: ProgramCounter.pcf
Device,package,speed:     xc6slx9,csg324,C,-3 (PRODUCTION 1.23 2013-03-26)
Report level:             verbose report

Environment Variable      Effect 
--------------------      ------ 
NONE                      No environment variables were set
--------------------------------------------------------------------------------

INFO:Timing:2698 - No timing constraints found, doing default enumeration.
INFO:Timing:3412 - To improve timing, see the Timing Closure User Guide (UG612).
INFO:Timing:2752 - To get complete path coverage, use the unconstrained paths 
   option. All paths that are not constrained will be reported in the 
   unconstrained paths section(s) of the report.
INFO:Timing:3339 - The clock-to-out numbers in this timing report are based on 
   a 50 Ohm transmission line loading model.  For the details of this model, 
   and for more information on accounting for different loading conditions, 
   please see the device datasheet.



Data Sheet report:
-----------------
All values displayed in nanoseconds (ns)

Setup/Hold to clock clk
------------+------------+------------+------------+------------+------------------+--------+
            |Max Setup to|  Process   |Max Hold to |  Process   |                  | Clock  |
Source      | clk (edge) |   Corner   | clk (edge) |   Corner   |Internal Clock(s) | Phase  |
------------+------------+------------+------------+------------+------------------+--------+
PCCR        |    1.165(R)|      SLOW  |    0.482(R)|      SLOW  |clk_BUFGP         |   0.000|
mux1op<0>   |   -0.181(R)|      FAST  |    1.472(R)|      SLOW  |clk_BUFGP         |   0.000|
mux1op<1>   |   -0.212(R)|      FAST  |    1.517(R)|      SLOW  |clk_BUFGP         |   0.000|
mux1op<2>   |   -0.122(R)|      FAST  |    1.413(R)|      SLOW  |clk_BUFGP         |   0.000|
mux1op<3>   |   -0.153(R)|      FAST  |    1.458(R)|      SLOW  |clk_BUFGP         |   0.000|
mux1op<4>   |   -0.182(R)|      FAST  |    1.473(R)|      SLOW  |clk_BUFGP         |   0.000|
mux1op<5>   |   -0.213(R)|      FAST  |    1.518(R)|      SLOW  |clk_BUFGP         |   0.000|
mux1op<6>   |   -0.128(R)|      FAST  |    1.419(R)|      SLOW  |clk_BUFGP         |   0.000|
mux1op<7>   |   -0.159(R)|      FAST  |    1.464(R)|      SLOW  |clk_BUFGP         |   0.000|
rst         |    1.377(R)|      SLOW  |    0.404(R)|      SLOW  |clk_BUFGP         |   0.000|
------------+------------+------------+------------+------------+------------------+--------+

Clock clk to Pad
------------+-----------------+------------+-----------------+------------+------------------+--------+
            |Max (slowest) clk|  Process   |Min (fastest) clk|  Process   |                  | Clock  |
Destination |  (edge) to PAD  |   Corner   |  (edge) to PAD  |   Corner   |Internal Clock(s) | Phase  |
------------+-----------------+------------+-----------------+------------+------------------+--------+
PCa<0>      |         8.361(R)|      SLOW  |         4.439(R)|      FAST  |clk_BUFGP         |   0.000|
PCa<1>      |         8.089(R)|      SLOW  |         4.304(R)|      FAST  |clk_BUFGP         |   0.000|
PCa<2>      |         8.270(R)|      SLOW  |         4.391(R)|      FAST  |clk_BUFGP         |   0.000|
PCa<3>      |         8.092(R)|      SLOW  |         4.292(R)|      FAST  |clk_BUFGP         |   0.000|
PCa<4>      |         8.362(R)|      SLOW  |         4.440(R)|      FAST  |clk_BUFGP         |   0.000|
PCa<5>      |         8.141(R)|      SLOW  |         4.341(R)|      FAST  |clk_BUFGP         |   0.000|
PCa<6>      |         8.400(R)|      SLOW  |         4.521(R)|      FAST  |clk_BUFGP         |   0.000|
PCa<7>      |         8.204(R)|      SLOW  |         4.404(R)|      FAST  |clk_BUFGP         |   0.000|
------------+-----------------+------------+-----------------+------------+------------------+--------+


Analysis completed Fri Oct 21 17:22:24 2016 
--------------------------------------------------------------------------------

Trace Settings:
-------------------------
Trace Settings 

Peak Memory Usage: 215 MB



